Build completed successfully (6 jobs).
    Finished `release` profile [optimized] target(s) in 1.01s
  7147230 408091812 <workspace>/logs/second-kernel/coul/coulomb_seven.ndjson
74fb3bc09e0a211075ddddbee60c7efb8b92d19686e24258c543fe8171027c82 coulomb_seven.ndjson

== nanoda on the export (expected: axioms propext, Quot.sound, Classical.choice; "Checked N declarations with no errors")
theorem ThomsonN7S1.coulomb_seven :
  forall (x : Fin (OfNat.ofNat 7) → ThomsonN7.R3),
  Membership.mem (ThomsonN7.SphereConfig (OfNat.ofNat 7)) x → LE.le (ThomsonN7.coulombEnergy ThomsonN7.pentBipyramid)
    (ThomsonN7.coulombEnergy x) :=
  _

theorem ThomsonN7S1.coulomb_seven_unique :
  forall (x : Fin (OfNat.ofNat 7) → ThomsonN7.R3),
  Membership.mem (ThomsonN7.SphereConfig (OfNat.ofNat 7)) x → Eq (ThomsonN7.coulombEnergy x)
      (ThomsonN7.coulombEnergy ThomsonN7.pentBipyramid) →
  Exists
    (fun (g : LinearIsometryEquiv (RingHom.id Real) ThomsonN7.R3 ThomsonN7.R3) =>
    Exists
      (fun (σ : Equiv.Perm (Fin (OfNat.ofNat 7))) =>
      forall (i : Fin (OfNat.ofNat 7)),
      Eq (x i) (DFunLike.coe g (ThomsonN7.pentBipyramid (DFunLike.coe σ i))))) :=
  _

axiom propext {a b : Prop} : Iff a b → Eq a b

axiom Quot.sound.{u} {α : Sort u} {r : α → α → Prop} {a b : α} : r a b → Eq (Quot.mk r a) (Quot.mk r b)

axiom Classical.choice.{u} {α : Sort u} : Nonempty α → α

Checked 54624 declarations with no errors

== negative control: literal 44553534606669559307 changed to 44553534606669559308
negative control ok: nanoda rejected the tampered export
thread 'main' (2028368) panicked at src/tc.rs:955:71:
assertion failed: self.def_eq(u, v)
note: run with `RUST_BACKTRACE=1` environment variable to display a backtrace

SECOND KERNEL: OK (export accepted, tampered export rejected)
